\BOOKMARK [1][-]{section.1}{\376\377\133\374\212\000\377\032\142\212\040\034\134\072\136\246\040\035\200\014\116\015\146\057\040\034\145\366\172\172\040\035\137\123\117\134\127\372\147\054\221\317}{}% 1
\BOOKMARK [1][-]{section.2}{\376\377\127\372\136\225\116\016\121\154\164\006}{}% 2
\BOOKMARK [2][-]{subsection.2.1}{\376\377\137\256\122\006\127\372\136\225}{section.2}% 3
\BOOKMARK [2][-]{subsection.2.2}{\376\377\121\155\147\141\121\154\164\006}{section.2}% 4
\BOOKMARK [1][-]{section.3}{\376\377\227\136\116\244\143\142\127\372\136\225\377\032\221\317\133\120\122\233\133\146\166\204\126\336\137\122}{}% 5
\BOOKMARK [2][-]{subsection.3.1}{\376\377\116\000\116\052\137\305\230\173\116\244\116\343\166\204\145\271\154\325\213\272\225\356\230\230}{section.3}% 6
\BOOKMARK [2][-]{subsection.3.2}{\376\377\133\374\145\160\134\061\146\057\133\371\146\023\133\120}{section.3}% 7
\BOOKMARK [2][-]{subsection.3.3}{\376\377\176\317\121\170\137\256\171\357\122\006\146\057\133\371\146\023\133\120\166\204\133\232\164\006}{section.3}% 8
\BOOKMARK [2][-]{subsection.3.4}{\376\377\000A\0003\000\040\127\050\227\136\116\244\143\142\142\107\123\072\123\352\200\375\142\020\172\313\122\060\000\040\000"\000A\000F\000-\0009\000m\000u\000h}{section.3}% 9
\BOOKMARK [2][-]{subsection.3.5}{\376\377\137\142\123\330\221\317\133\120\123\026\377\032\176\317\121\170\147\201\226\120\166\204\116\045\150\074\137\142\137\017\123\026}{section.3}% 10
\BOOKMARK [2][-]{subsection.3.6}{\376\377\142\212\000"\116\000\226\066\000"\217\331\116\052\226\120\122\066\123\326\155\210\143\211}{section.3}% 11
\BOOKMARK [1][-]{section.4}{\376\377\121\340\117\125\166\204\155\214\163\260\377\032\146\362\163\207\123\163\150\007\136\246\137\142\123\330}{}% 12
\BOOKMARK [2][-]{subsection.4.1}{\376\377\000L\000e\000v\000i\000-\000C\000i\000v\000i\000t\000a\000\040\145\160\143\156}{section.4}% 13
\BOOKMARK [2][-]{subsection.4.2}{\376\377\116\073\133\232\164\006}{section.4}% 14
\BOOKMARK [2][-]{subsection.4.3}{\376\377\217\371\116\016\150\007\221\317\146\362\163\207}{section.4}% 15
\BOOKMARK [2][-]{subsection.4.4}{\376\377\123\357\171\357\000\040\000W\000e\000y\000l\000\040\121\340\117\125\377\032\154\241\147\011\173\054\116\214\145\366\224\237\145\110\136\224}{section.4}% 16
\BOOKMARK [2][-]{subsection.4.5}{\376\377\145\340\221\317\176\262\140\047\146\057\116\000\147\141\133\232\164\006}{section.4}% 17
\BOOKMARK [1][-]{section.5}{\376\377\000A\0004\000\040\131\052\137\072\377\032\150\007\136\246\137\305\230\173\146\057\145\271\124\021\140\047\166\204}{}% 18
\BOOKMARK [2][-]{subsection.5.1}{\376\377\213\312\145\255}{section.5}% 19
\BOOKMARK [2][-]{subsection.5.2}{\376\377\145\347\121\154\164\006\116\015\146\057\154\241\200\375\176\331\121\372\000\040\000S\000c\000h\000w\000a\000r\000z\000s\000c\000h\000i\000l\000d\377\014\200\014\146\057\171\201\153\142\116\206\133\203}{section.5}% 20
\BOOKMARK [2][-]{subsection.5.3}{\376\377\116\000\131\127\121\154\164\006\377\014\200\014\116\015\146\057\116\044\131\127}{section.5}% 21
\BOOKMARK [1][-]{section.6}{\376\377\146\362\163\207\134\061\146\057\133\371\146\023\133\120}{}% 22
\BOOKMARK [2][-]{subsection.6.1}{\376\377\220\177\137\000\116\000\153\041\140\357\140\047}{section.6}% 23
\BOOKMARK [2][-]{subsection.6.2}{\376\377\000Y\000a\000n\000g\040\023\000M\000i\000l\000l\000s\000\040\146\362\163\207\116\015\146\057\210\253\120\107\213\276\166\204\377\014\146\057\210\253\173\227\121\372\147\145\166\204}{section.6}% 24
\BOOKMARK [2][-]{subsection.6.3}{\376\377\172\166\172\337\146\057\124\352\116\000\220\350\122\006\127\050\137\057\146\362}{section.6}% 25
\BOOKMARK [1][-]{section.7}{\376\377\137\025\122\233\116\016\211\304\203\003\127\072\146\057\124\014\116\000\116\052\116\034\211\177}{}% 26
\BOOKMARK [1][-]{section.8}{\376\377\126\336\137\122\000\040\000I\377\032\137\025\122\233\176\242\171\373\116\016\000\040\000N\000e\000w\000t\000o\000n\000\040\147\201\226\120}{}% 27
\BOOKMARK [2][-]{subsection.8.1}{\376\377\137\025\122\233\176\242\171\373}{section.8}% 28
\BOOKMARK [2][-]{subsection.8.2}{\376\377\150\007\136\246\124\315\136\224\137\213}{section.8}% 29
\BOOKMARK [2][-]{subsection.8.3}{\376\377\116\000\226\066\123\072\127\337}{section.8}% 30
\BOOKMARK [2][-]{subsection.8.4}{\376\377\116\000\226\066\123\072\127\337\116\015\146\057\040\034\142\124\143\211\232\330\226\066\230\171\040\035}{section.8}% 31
\BOOKMARK [1][-]{section.9}{\376\377\126\336\137\122\000\040\000I\000I\377\032\221\315\145\164\123\026\177\244\116\016\147\011\145\110\127\072\213\272\130\124}{}% 32
\BOOKMARK [2][-]{subsection.9.1}{\376\377\150\007\136\246\155\101}{section.9}% 33
\BOOKMARK [2][-]{subsection.9.2}{\376\377\201\352\166\370\117\074\123\352\200\375\146\057\136\102\137\213}{section.9}% 34
\BOOKMARK [2][-]{subsection.9.3}{\376\377\147\011\145\110\127\072\213\272\130\124\146\057\133\232\164\006\200\014\227\136\172\230\130\203}{section.9}% 35
\BOOKMARK [2][-]{subsection.9.4}{\376\377\000\040\121\375\145\160\116\316\124\352\221\314\147\145}{section.9}% 36
\BOOKMARK [1][-]{section.10}{\376\377\126\336\137\122\000\040\000I\000I\000I\377\032\174\222\133\120\150\007\136\246\116\016\133\377\124\175\166\204\122\250\221\317\117\235\215\126}{}% 37
\BOOKMARK [1][-]{section.11}{\376\377\126\336\137\122\000\040\000I\000V\377\032\146\227\162\151\215\050\040\024\040\024\166\370\116\222\117\134\165\050\123\321\165\037\377\014\211\302\155\113\131\061\145\110}{}% 38
\BOOKMARK [1][-]{section.12}{\376\377\126\336\137\122\000\040\000V\377\032\146\227\200\375\221\317\040\024\040\024\137\000\145\076\174\373\176\337\166\204\200\027\145\143}{}% 39
\BOOKMARK [1][-]{section.13}{\376\377\126\336\137\122\000\040\000V\000I\377\032\145\366\225\364\173\255\131\064}{}% 40
\BOOKMARK [1][-]{section.14}{\376\377\126\336\137\122\000\040\000V\000I\000I\377\032\121\111\146\057\116\300\116\110}{}% 41
\BOOKMARK [1][-]{section.15}{\376\377\200\027\145\143\116\113\116\013\166\204\134\100\127\337\136\177\116\111\123\117\123\330\140\047}{}% 42
\BOOKMARK [1][-]{section.16}{\376\377\131\107\160\271\123\352\146\057\147\201\134\017\166\204\134\072\136\246}{}% 43
\BOOKMARK [1][-]{section.17}{\376\377\123\357\150\300\232\214\166\204\230\204\212\000}{}% 44
\BOOKMARK [2][-]{subsection.17.1}{\376\377\200\027\145\143\143\007\145\160\116\016\146\227\200\375\221\317\162\266\140\001\145\271\172\013}{section.17}% 45
\BOOKMARK [2][-]{subsection.17.2}{\376\377\116\343\121\145\136\070\145\160\377\032\116\011\230\171\145\160\120\074\150\070\133\371}{section.17}% 46
\BOOKMARK [1][-]{section.18}{\376\377\174\222\133\120\377\032\116\015\165\050\127\072\166\204\116\247\165\037\147\072\122\066}{}% 47
\BOOKMARK [1][-]{section.19}{\376\377\171\201\225\355\377\014\116\345\123\312\165\065\203\167\116\072\117\125\142\020\116\011\122\006\116\113\116\000}{}% 48
\BOOKMARK [1][-]{section.20}{\376\377\137\072\166\370\116\222\117\134\165\050\377\032\116\316\145\340\122\060\147\011\166\204\116\000\116\052\150\007\136\246}{}% 49
\BOOKMARK [2][-]{subsection.20.1}{\376\377\133\371\214\061\166\204\143\250\213\272\116\016\150\300\232\214}{section.20}% 50
\BOOKMARK [2][-]{subsection.20.2}{\376\377\116\016\150\074\160\271\145\160\143\156\166\204\153\143\227\142\133\371\144\236\377\032\116\000\116\052\131\061\215\045}{section.20}% 51
\BOOKMARK [1][-]{section.21}{\376\377\121\205\171\200\133\371\171\360\140\047\145\340\131\004\123\357\123\273}{}% 52
\BOOKMARK [1][-]{section.22}{\376\377\215\321\122\250\116\015\227\000\211\201\127\010\126\376}{}% 53
\BOOKMARK [1][-]{section.23}{\376\377\201\352\142\021\133\241\147\345\377\032\135\362\123\321\163\260\166\204\140\035\176\364\154\141\147\323}{}% 54
\BOOKMARK [2][-]{subsection.23.1}{\376\377\230\173\144\244\126\336\377\032\215\050\221\317\130\124\146\376\210\253\137\123\117\134\176\323\213\272\377\014\121\166\133\236\146\057\120\107\213\276}{section.23}% 55
\BOOKMARK [2][-]{subsection.23.2}{\376\377\135\362\117\356\131\015\377\032\121\111\146\057\150\007\136\246\166\362\166\204\377\014\176\242\171\373\123\164\211\201\227\140\121\111}{section.23}% 56
\BOOKMARK [2][-]{subsection.23.3}{\376\377\116\315\133\130\127\050\377\032\147\052\117\356\131\015\166\204\154\141\147\323\377\014\220\020\147\141\166\173\213\260}{section.23}% 57
\BOOKMARK [2][-]{subsection.23.4}{\376\377\133\241\147\345\145\271\154\325\147\054\216\253}{section.23}% 58
\BOOKMARK [1][-]{section.24}{\376\377\203\003\126\364\130\360\146\016\377\032\116\300\116\110\210\253\213\301\146\016\116\206\377\014\116\300\116\110\154\241\147\011}{}% 59
\BOOKMARK [1][-]{section.25}{\376\377\137\142\137\017\123\026\116\016\232\214\213\301}{}% 60
\BOOKMARK [2][-]{subsection.25.1}{\376\377\211\304\152\041}{section.25}% 61
\BOOKMARK [2][-]{subsection.25.2}{\376\377\121\154\164\006\133\241\213\241}{section.25}% 62
\BOOKMARK [2][-]{subsection.25.3}{\376\377\131\015\163\260}{section.25}% 63
\BOOKMARK [1][-]{section.26}{\376\377\176\323\213\355}{}% 64
